=====================================================================
== D:\SteamLibrary\steamapps\common\DayZ\DayZ_x64.exe
== D:\SteamLibrary\steamapps\common\DayZ\DayZ_x64.exe /min "-mod=D:\SteamLibrary\steamapps\common\DayZ\!Workshop\@CF;D:\SteamLibrary\steamapps\common\DayZ\!Workshop\@Community-Online-Tools;K:\DayZ\ModBuilds\@PBMilitaryRetextures;" "-connect=127.0.0.1" "-port=2302" "-profiles=K:\DayZ\Projects\PhantomByteDayZMods\ServerFiles\ServerProfile" "-name=PhantomByte" "-newErrorsAreWarnings=1"
=====================================================================
Exe timestamp: 2024/05/27 18:52:21
Current time:  2024/06/07 09:57:10
Version 1.25.158199
=====================================================================

 9:57:10.980 [Inputs] Loading inputs default "bin/constants.xml"
 9:57:10.984 [Inputs] Loading inputs default "bin/specific.xml"
 9:57:10.984 [Inputs] Loading inputs default "JM/COT/Scripts/Data/Inputs.xml"
 9:57:10.986 [Inputs] Loading inputs cfg "K:\DayZ\Projects\PhantomByteDayZMods\ServerFiles\ServerProfile\Users\PhantomByte\phant.core.xml"
 9:57:10.992 [Inputs] Exporting inputs cfg "K:\DayZ\Projects\PhantomByteDayZMods\ServerFiles\ServerProfile\Users\PhantomByte\phant.core.xml"
 9:58:15.710 [ErrorModuleHandler] :: Error thrown: 0x000400F0 (Game restart required)
10:02:32.401 [Inputs] Exporting inputs cfg "K:\DayZ\Projects\PhantomByteDayZMods\ServerFiles\ServerProfile\Users\PhantomByte\phant.core.xml"
10:02:36.492 [Inputs] Exporting inputs cfg "K:\DayZ\Projects\PhantomByteDayZMods\ServerFiles\ServerProfile\Users\PhantomByte\phant.core.xml"
10:03:29.233 [ErrorModuleHandler] :: Error thrown: 0x000400F0 (Game restart required)
