=====================================================================
== D:\SteamLibrary\steamapps\common\DayZ\DayZ_x64.exe
== D:\SteamLibrary\steamapps\common\DayZ\DayZ_x64.exe /min "-mod=D:\SteamLibrary\steamapps\common\DayZ\!Workshop\@CF;D:\SteamLibrary\steamapps\common\DayZ\!Workshop\@Community-Online-Tools;K:\DayZ\ModBuilds\@PBRetextures;" "-connect=127.0.0.1" "-port=2302" "-profiles=K:\DayZ\Projects\PhantomByteDayZMods\ServerFiles\ServerProfile" "-name=PhantomByte" "-newErrorsAreWarnings=1"
=====================================================================
Exe timestamp: 2024/05/27 18:52:21
Current time:  2024/06/07 10:54:49
Version 1.25.158199
=====================================================================

10:54:49.785 [Inputs] Loading inputs default "bin/constants.xml"
10:54:49.788 [Inputs] Loading inputs default "bin/specific.xml"
10:54:49.789 [Inputs] Loading inputs default "JM/COT/Scripts/Data/Inputs.xml"
10:54:49.789 [Inputs] Loading inputs cfg "K:\DayZ\Projects\PhantomByteDayZMods\ServerFiles\ServerProfile\Users\PhantomByte\phant.core.xml"
10:54:49.792 [Inputs] Exporting inputs cfg "K:\DayZ\Projects\PhantomByteDayZMods\ServerFiles\ServerProfile\Users\PhantomByte\phant.core.xml"
10:55:39.127 [ErrorModuleHandler] :: Error thrown: 0x000400F0 (Game restart required)
10:56:15.588  --- Termination successfully completed --- 
